interactions:
- request:
    body: null
    headers:
      Accept:
      - '*/*'
      Accept-Encoding:
      - gzip, deflate
      Connection:
      - keep-alive
      User-Agent:
      - python-requests/2.32.3
    method: GET
    uri: https://dataportal-api.nordpoolgroup.com/api/DayAheadPrices?date=2024-10-15&currency=EUR&market=DayAhead&deliveryArea=SE1%2CSE2%2CSE3%2CSE4
  response:
    body:
      string: '{"deliveryDateCET":"2024-10-15","version":3,"updatedAt":"2024-10-14T11:17:02.81129Z","deliveryAreas":["SE1","SE2","SE3","SE4"],"market":"DayAhead","multiAreaEntries":[{"deliveryStart":"2024-10-14T22:00:00Z","deliveryEnd":"2024-10-14T23:00:00Z","entryPerArea":{"SE1":8.42,"SE2":8.42,"SE3":8.42,"SE4":8.42}},{"deliveryStart":"2024-10-14T23:00:00Z","deliveryEnd":"2024-10-15T00:00:00Z","entryPerArea":{"SE1":6.62,"SE2":6.62,"SE3":6.62,"SE4":6.62}},{"deliveryStart":"2024-10-15T00:00:00Z","deliveryEnd":"2024-10-15T01:00:00Z","entryPerArea":{"SE1":7.43,"SE2":7.43,"SE3":7.43,"SE4":7.43}},{"deliveryStart":"2024-10-15T01:00:00Z","deliveryEnd":"2024-10-15T02:00:00Z","entryPerArea":{"SE1":6.82,"SE2":6.82,"SE3":6.82,"SE4":6.82}},{"deliveryStart":"2024-10-15T02:00:00Z","deliveryEnd":"2024-10-15T03:00:00Z","entryPerArea":{"SE1":10.50,"SE2":10.50,"SE3":10.50,"SE4":10.50}},{"deliveryStart":"2024-10-15T03:00:00Z","deliveryEnd":"2024-10-15T04:00:00Z","entryPerArea":{"SE1":14.54,"SE2":14.54,"SE3":14.54,"SE4":14.54}},{"deliveryStart":"2024-10-15T04:00:00Z","deliveryEnd":"2024-10-15T05:00:00Z","entryPerArea":{"SE1":15.26,"SE2":15.26,"SE3":48.50,"SE4":50.00}},{"deliveryStart":"2024-10-15T05:00:00Z","deliveryEnd":"2024-10-15T06:00:00Z","entryPerArea":{"SE1":16.08,"SE2":16.08,"SE3":129.35,"SE4":180.94}},{"deliveryStart":"2024-10-15T06:00:00Z","deliveryEnd":"2024-10-15T07:00:00Z","entryPerArea":{"SE1":17.97,"SE2":17.97,"SE3":165.65,"SE4":172.37}},{"deliveryStart":"2024-10-15T07:00:00Z","deliveryEnd":"2024-10-15T08:00:00Z","entryPerArea":{"SE1":19.99,"SE2":19.99,"SE3":106.38,"SE4":107.89}},{"deliveryStart":"2024-10-15T08:00:00Z","deliveryEnd":"2024-10-15T09:00:00Z","entryPerArea":{"SE1":21.78,"SE2":21.78,"SE3":59.51,"SE4":79.89}},{"deliveryStart":"2024-10-15T09:00:00Z","deliveryEnd":"2024-10-15T10:00:00Z","entryPerArea":{"SE1":22.93,"SE2":22.93,"SE3":48.38,"SE4":48.38}},{"deliveryStart":"2024-10-15T10:00:00Z","deliveryEnd":"2024-10-15T11:00:00Z","entryPerArea":{"SE1":23.98,"SE2":23.98,"SE3":35.00,"SE4":35.00}},{"deliveryStart":"2024-10-15T11:00:00Z","deliveryEnd":"2024-10-15T12:00:00Z","entryPerArea":{"SE1":24.57,"SE2":24.57,"SE3":27.24,"SE4":27.24}},{"deliveryStart":"2024-10-15T12:00:00Z","deliveryEnd":"2024-10-15T13:00:00Z","entryPerArea":{"SE1":24.42,"SE2":24.42,"SE3":28.13,"SE4":28.13}},{"deliveryStart":"2024-10-15T13:00:00Z","deliveryEnd":"2024-10-15T14:00:00Z","entryPerArea":{"SE1":23.19,"SE2":23.19,"SE3":35.00,"SE4":35.00}},{"deliveryStart":"2024-10-15T14:00:00Z","deliveryEnd":"2024-10-15T15:00:00Z","entryPerArea":{"SE1":22.17,"SE2":22.17,"SE3":45.52,"SE4":76.41}},{"deliveryStart":"2024-10-15T15:00:00Z","deliveryEnd":"2024-10-15T16:00:00Z","entryPerArea":{"SE1":19.93,"SE2":19.93,"SE3":48.46,"SE4":117.79}},{"deliveryStart":"2024-10-15T16:00:00Z","deliveryEnd":"2024-10-15T17:00:00Z","entryPerArea":{"SE1":16.47,"SE2":16.47,"SE3":60.62,"SE4":133.51}},{"deliveryStart":"2024-10-15T17:00:00Z","deliveryEnd":"2024-10-15T18:00:00Z","entryPerArea":{"SE1":15.40,"SE2":15.40,"SE3":61.56,"SE4":94.97}},{"deliveryStart":"2024-10-15T18:00:00Z","deliveryEnd":"2024-10-15T19:00:00Z","entryPerArea":{"SE1":15.03,"SE2":15.03,"SE3":48.47,"SE4":74.43}},{"deliveryStart":"2024-10-15T19:00:00Z","deliveryEnd":"2024-10-15T20:00:00Z","entryPerArea":{"SE1":14.95,"SE2":14.95,"SE3":20.05,"SE4":65.06}},{"deliveryStart":"2024-10-15T20:00:00Z","deliveryEnd":"2024-10-15T21:00:00Z","entryPerArea":{"SE1":14.07,"SE2":14.07,"SE3":14.07,"SE4":14.07}},{"deliveryStart":"2024-10-15T21:00:00Z","deliveryEnd":"2024-10-15T22:00:00Z","entryPerArea":{"SE1":10.16,"SE2":10.16,"SE3":10.16,"SE4":10.16}}],"blockPriceAggregates":[{"blockName":"Off-peak
        1","deliveryStart":"2024-10-14T22:00:00Z","deliveryEnd":"2024-10-15T06:00:00Z","averagePricePerArea":{"SE1":{"average":10.71,"min":6.62,"max":16.08},"SE2":{"average":10.71,"min":6.62,"max":16.08},"SE3":{"average":29.02,"min":6.62,"max":129.35},"SE4":{"average":35.66,"min":6.62,"max":180.94}}},{"blockName":"Peak","deliveryStart":"2024-10-15T06:00:00Z","deliveryEnd":"2024-10-15T18:00:00Z","averagePricePerArea":{"SE1":{"average":21.07,"min":15.40,"max":24.57},"SE2":{"average":21.07,"min":15.40,"max":24.57},"SE3":{"average":60.12,"min":27.24,"max":165.65},"SE4":{"average":79.72,"min":27.24,"max":172.37}}},{"blockName":"Off-peak
        2","deliveryStart":"2024-10-15T18:00:00Z","deliveryEnd":"2024-10-15T22:00:00Z","averagePricePerArea":{"SE1":{"average":13.55,"min":10.16,"max":15.03},"SE2":{"average":13.55,"min":10.16,"max":15.03},"SE3":{"average":23.19,"min":10.16,"max":48.47},"SE4":{"average":40.93,"min":10.16,"max":74.43}}}],"currency":"EUR","exchangeRate":1,"areaStates":[{"state":"Final","areas":["SE1","SE2","SE3","SE4"]}],"areaAverages":[{"areaCode":"SE1","price":16.36},{"areaCode":"SE2","price":16.36},{"areaCode":"SE3","price":43.60},{"areaCode":"SE4","price":58.57}]}'
    headers:
      Connection:
      - keep-alive
      Content-Encoding:
      - gzip
      Content-Type:
      - application/json; charset=utf-8
      Date:
      - Tue, 15 Oct 2024 17:50:39 GMT
      Request-Context:
      - appId=cid-v1:ddfe5a25-b9d8-4f0e-b951-f04e01c2922f
      Set-Cookie:
      - route=1729014640.174.29.959535|9898ac1b7e0bd8fc3874537f2a76b591; Expires=Thu,
        17-Oct-24 17:50:39 GMT; Max-Age=172800; Path=/; Secure; HttpOnly
      Strict-Transport-Security:
      - max-age=31536000
      Transfer-Encoding:
      - chunked
      Vary:
      - Accept-Encoding
    status:
      code: 200
      message: OK
- request:
    body: null
    headers:
      Accept:
      - '*/*'
      Accept-Encoding:
      - gzip, deflate
      Connection:
      - keep-alive
      User-Agent:
      - python-requests/2.32.3
    method: GET
    uri: https://dataportal-api.nordpoolgroup.com/api/DayAheadPrices?currency=EUR&market=DayAhead&deliveryArea=SE1%2CSE2%2CSE3%2CSE4&date=2024-10-15
  response:
    body:
      string: '{"deliveryDateCET":"2024-10-15","version":3,"updatedAt":"2024-10-14T11:17:02.81129Z","deliveryAreas":["SE1","SE2","SE3","SE4"],"market":"DayAhead","multiAreaEntries":[{"deliveryStart":"2024-10-14T22:00:00Z","deliveryEnd":"2024-10-14T23:00:00Z","entryPerArea":{"SE1":8.42,"SE2":8.42,"SE3":8.42,"SE4":8.42}},{"deliveryStart":"2024-10-14T23:00:00Z","deliveryEnd":"2024-10-15T00:00:00Z","entryPerArea":{"SE1":6.62,"SE2":6.62,"SE3":6.62,"SE4":6.62}},{"deliveryStart":"2024-10-15T00:00:00Z","deliveryEnd":"2024-10-15T01:00:00Z","entryPerArea":{"SE1":7.43,"SE2":7.43,"SE3":7.43,"SE4":7.43}},{"deliveryStart":"2024-10-15T01:00:00Z","deliveryEnd":"2024-10-15T02:00:00Z","entryPerArea":{"SE1":6.82,"SE2":6.82,"SE3":6.82,"SE4":6.82}},{"deliveryStart":"2024-10-15T02:00:00Z","deliveryEnd":"2024-10-15T03:00:00Z","entryPerArea":{"SE1":10.50,"SE2":10.50,"SE3":10.50,"SE4":10.50}},{"deliveryStart":"2024-10-15T03:00:00Z","deliveryEnd":"2024-10-15T04:00:00Z","entryPerArea":{"SE1":14.54,"SE2":14.54,"SE3":14.54,"SE4":14.54}},{"deliveryStart":"2024-10-15T04:00:00Z","deliveryEnd":"2024-10-15T05:00:00Z","entryPerArea":{"SE1":15.26,"SE2":15.26,"SE3":48.50,"SE4":50.00}},{"deliveryStart":"2024-10-15T05:00:00Z","deliveryEnd":"2024-10-15T06:00:00Z","entryPerArea":{"SE1":16.08,"SE2":16.08,"SE3":129.35,"SE4":180.94}},{"deliveryStart":"2024-10-15T06:00:00Z","deliveryEnd":"2024-10-15T07:00:00Z","entryPerArea":{"SE1":17.97,"SE2":17.97,"SE3":165.65,"SE4":172.37}},{"deliveryStart":"2024-10-15T07:00:00Z","deliveryEnd":"2024-10-15T08:00:00Z","entryPerArea":{"SE1":19.99,"SE2":19.99,"SE3":106.38,"SE4":107.89}},{"deliveryStart":"2024-10-15T08:00:00Z","deliveryEnd":"2024-10-15T09:00:00Z","entryPerArea":{"SE1":21.78,"SE2":21.78,"SE3":59.51,"SE4":79.89}},{"deliveryStart":"2024-10-15T09:00:00Z","deliveryEnd":"2024-10-15T10:00:00Z","entryPerArea":{"SE1":22.93,"SE2":22.93,"SE3":48.38,"SE4":48.38}},{"deliveryStart":"2024-10-15T10:00:00Z","deliveryEnd":"2024-10-15T11:00:00Z","entryPerArea":{"SE1":23.98,"SE2":23.98,"SE3":35.00,"SE4":35.00}},{"deliveryStart":"2024-10-15T11:00:00Z","deliveryEnd":"2024-10-15T12:00:00Z","entryPerArea":{"SE1":24.57,"SE2":24.57,"SE3":27.24,"SE4":27.24}},{"deliveryStart":"2024-10-15T12:00:00Z","deliveryEnd":"2024-10-15T13:00:00Z","entryPerArea":{"SE1":24.42,"SE2":24.42,"SE3":28.13,"SE4":28.13}},{"deliveryStart":"2024-10-15T13:00:00Z","deliveryEnd":"2024-10-15T14:00:00Z","entryPerArea":{"SE1":23.19,"SE2":23.19,"SE3":35.00,"SE4":35.00}},{"deliveryStart":"2024-10-15T14:00:00Z","deliveryEnd":"2024-10-15T15:00:00Z","entryPerArea":{"SE1":22.17,"SE2":22.17,"SE3":45.52,"SE4":76.41}},{"deliveryStart":"2024-10-15T15:00:00Z","deliveryEnd":"2024-10-15T16:00:00Z","entryPerArea":{"SE1":19.93,"SE2":19.93,"SE3":48.46,"SE4":117.79}},{"deliveryStart":"2024-10-15T16:00:00Z","deliveryEnd":"2024-10-15T17:00:00Z","entryPerArea":{"SE1":16.47,"SE2":16.47,"SE3":60.62,"SE4":133.51}},{"deliveryStart":"2024-10-15T17:00:00Z","deliveryEnd":"2024-10-15T18:00:00Z","entryPerArea":{"SE1":15.40,"SE2":15.40,"SE3":61.56,"SE4":94.97}},{"deliveryStart":"2024-10-15T18:00:00Z","deliveryEnd":"2024-10-15T19:00:00Z","entryPerArea":{"SE1":15.03,"SE2":15.03,"SE3":48.47,"SE4":74.43}},{"deliveryStart":"2024-10-15T19:00:00Z","deliveryEnd":"2024-10-15T20:00:00Z","entryPerArea":{"SE1":14.95,"SE2":14.95,"SE3":20.05,"SE4":65.06}},{"deliveryStart":"2024-10-15T20:00:00Z","deliveryEnd":"2024-10-15T21:00:00Z","entryPerArea":{"SE1":14.07,"SE2":14.07,"SE3":14.07,"SE4":14.07}},{"deliveryStart":"2024-10-15T21:00:00Z","deliveryEnd":"2024-10-15T22:00:00Z","entryPerArea":{"SE1":10.16,"SE2":10.16,"SE3":10.16,"SE4":10.16}}],"blockPriceAggregates":[{"blockName":"Off-peak
        1","deliveryStart":"2024-10-14T22:00:00Z","deliveryEnd":"2024-10-15T06:00:00Z","averagePricePerArea":{"SE1":{"average":10.71,"min":6.62,"max":16.08},"SE2":{"average":10.71,"min":6.62,"max":16.08},"SE3":{"average":29.02,"min":6.62,"max":129.35},"SE4":{"average":35.66,"min":6.62,"max":180.94}}},{"blockName":"Peak","deliveryStart":"2024-10-15T06:00:00Z","deliveryEnd":"2024-10-15T18:00:00Z","averagePricePerArea":{"SE1":{"average":21.07,"min":15.40,"max":24.57},"SE2":{"average":21.07,"min":15.40,"max":24.57},"SE3":{"average":60.12,"min":27.24,"max":165.65},"SE4":{"average":79.72,"min":27.24,"max":172.37}}},{"blockName":"Off-peak
        2","deliveryStart":"2024-10-15T18:00:00Z","deliveryEnd":"2024-10-15T22:00:00Z","averagePricePerArea":{"SE1":{"average":13.55,"min":10.16,"max":15.03},"SE2":{"average":13.55,"min":10.16,"max":15.03},"SE3":{"average":23.19,"min":10.16,"max":48.47},"SE4":{"average":40.93,"min":10.16,"max":74.43}}}],"currency":"EUR","exchangeRate":1,"areaStates":[{"state":"Final","areas":["SE1","SE2","SE3","SE4"]}],"areaAverages":[{"areaCode":"SE1","price":16.36},{"areaCode":"SE2","price":16.36},{"areaCode":"SE3","price":43.60},{"areaCode":"SE4","price":58.57}]}'
    headers:
      Connection:
      - keep-alive
      Content-Encoding:
      - gzip
      Content-Type:
      - application/json; charset=utf-8
      Date:
      - Tue, 15 Oct 2024 18:07:32 GMT
      Request-Context:
      - appId=cid-v1:ddfe5a25-b9d8-4f0e-b951-f04e01c2922f
      Set-Cookie:
      - route=1729015653.103.28.709235|9898ac1b7e0bd8fc3874537f2a76b591; Expires=Thu,
        17-Oct-24 18:07:32 GMT; Max-Age=172800; Path=/; Secure; HttpOnly
      Strict-Transport-Security:
      - max-age=31536000
      Vary:
      - Accept-Encoding
    status:
      code: 200
      message: OK
- request:
    body: null
    headers:
      Accept:
      - '*/*'
      Accept-Encoding:
      - gzip, deflate
      Connection:
      - keep-alive
      User-Agent:
      - python-requests/2.32.3
    method: GET
    uri: https://dataportal-api.nordpoolgroup.com/api/DayAheadPrices?currency=EUR&market=DayAhead&deliveryArea=SE1%2CSE2%2CSE3%2CSE4&date=2024-10-15
  response:
    body:
      string: '{"deliveryDateCET":"2024-10-15","version":3,"updatedAt":"2024-10-14T11:17:02.81129Z","deliveryAreas":["SE1","SE2","SE3","SE4"],"market":"DayAhead","multiAreaEntries":[{"deliveryStart":"2024-10-14T22:00:00Z","deliveryEnd":"2024-10-14T23:00:00Z","entryPerArea":{"SE1":8.42,"SE2":8.42,"SE3":8.42,"SE4":8.42}},{"deliveryStart":"2024-10-14T23:00:00Z","deliveryEnd":"2024-10-15T00:00:00Z","entryPerArea":{"SE1":6.62,"SE2":6.62,"SE3":6.62,"SE4":6.62}},{"deliveryStart":"2024-10-15T00:00:00Z","deliveryEnd":"2024-10-15T01:00:00Z","entryPerArea":{"SE1":7.43,"SE2":7.43,"SE3":7.43,"SE4":7.43}},{"deliveryStart":"2024-10-15T01:00:00Z","deliveryEnd":"2024-10-15T02:00:00Z","entryPerArea":{"SE1":6.82,"SE2":6.82,"SE3":6.82,"SE4":6.82}},{"deliveryStart":"2024-10-15T02:00:00Z","deliveryEnd":"2024-10-15T03:00:00Z","entryPerArea":{"SE1":10.50,"SE2":10.50,"SE3":10.50,"SE4":10.50}},{"deliveryStart":"2024-10-15T03:00:00Z","deliveryEnd":"2024-10-15T04:00:00Z","entryPerArea":{"SE1":14.54,"SE2":14.54,"SE3":14.54,"SE4":14.54}},{"deliveryStart":"2024-10-15T04:00:00Z","deliveryEnd":"2024-10-15T05:00:00Z","entryPerArea":{"SE1":15.26,"SE2":15.26,"SE3":48.50,"SE4":50.00}},{"deliveryStart":"2024-10-15T05:00:00Z","deliveryEnd":"2024-10-15T06:00:00Z","entryPerArea":{"SE1":16.08,"SE2":16.08,"SE3":129.35,"SE4":180.94}},{"deliveryStart":"2024-10-15T06:00:00Z","deliveryEnd":"2024-10-15T07:00:00Z","entryPerArea":{"SE1":17.97,"SE2":17.97,"SE3":165.65,"SE4":172.37}},{"deliveryStart":"2024-10-15T07:00:00Z","deliveryEnd":"2024-10-15T08:00:00Z","entryPerArea":{"SE1":19.99,"SE2":19.99,"SE3":106.38,"SE4":107.89}},{"deliveryStart":"2024-10-15T08:00:00Z","deliveryEnd":"2024-10-15T09:00:00Z","entryPerArea":{"SE1":21.78,"SE2":21.78,"SE3":59.51,"SE4":79.89}},{"deliveryStart":"2024-10-15T09:00:00Z","deliveryEnd":"2024-10-15T10:00:00Z","entryPerArea":{"SE1":22.93,"SE2":22.93,"SE3":48.38,"SE4":48.38}},{"deliveryStart":"2024-10-15T10:00:00Z","deliveryEnd":"2024-10-15T11:00:00Z","entryPerArea":{"SE1":23.98,"SE2":23.98,"SE3":35.00,"SE4":35.00}},{"deliveryStart":"2024-10-15T11:00:00Z","deliveryEnd":"2024-10-15T12:00:00Z","entryPerArea":{"SE1":24.57,"SE2":24.57,"SE3":27.24,"SE4":27.24}},{"deliveryStart":"2024-10-15T12:00:00Z","deliveryEnd":"2024-10-15T13:00:00Z","entryPerArea":{"SE1":24.42,"SE2":24.42,"SE3":28.13,"SE4":28.13}},{"deliveryStart":"2024-10-15T13:00:00Z","deliveryEnd":"2024-10-15T14:00:00Z","entryPerArea":{"SE1":23.19,"SE2":23.19,"SE3":35.00,"SE4":35.00}},{"deliveryStart":"2024-10-15T14:00:00Z","deliveryEnd":"2024-10-15T15:00:00Z","entryPerArea":{"SE1":22.17,"SE2":22.17,"SE3":45.52,"SE4":76.41}},{"deliveryStart":"2024-10-15T15:00:00Z","deliveryEnd":"2024-10-15T16:00:00Z","entryPerArea":{"SE1":19.93,"SE2":19.93,"SE3":48.46,"SE4":117.79}},{"deliveryStart":"2024-10-15T16:00:00Z","deliveryEnd":"2024-10-15T17:00:00Z","entryPerArea":{"SE1":16.47,"SE2":16.47,"SE3":60.62,"SE4":133.51}},{"deliveryStart":"2024-10-15T17:00:00Z","deliveryEnd":"2024-10-15T18:00:00Z","entryPerArea":{"SE1":15.40,"SE2":15.40,"SE3":61.56,"SE4":94.97}},{"deliveryStart":"2024-10-15T18:00:00Z","deliveryEnd":"2024-10-15T19:00:00Z","entryPerArea":{"SE1":15.03,"SE2":15.03,"SE3":48.47,"SE4":74.43}},{"deliveryStart":"2024-10-15T19:00:00Z","deliveryEnd":"2024-10-15T20:00:00Z","entryPerArea":{"SE1":14.95,"SE2":14.95,"SE3":20.05,"SE4":65.06}},{"deliveryStart":"2024-10-15T20:00:00Z","deliveryEnd":"2024-10-15T21:00:00Z","entryPerArea":{"SE1":14.07,"SE2":14.07,"SE3":14.07,"SE4":14.07}},{"deliveryStart":"2024-10-15T21:00:00Z","deliveryEnd":"2024-10-15T22:00:00Z","entryPerArea":{"SE1":10.16,"SE2":10.16,"SE3":10.16,"SE4":10.16}}],"blockPriceAggregates":[{"blockName":"Off-peak
        1","deliveryStart":"2024-10-14T22:00:00Z","deliveryEnd":"2024-10-15T06:00:00Z","averagePricePerArea":{"SE1":{"average":10.71,"min":6.62,"max":16.08},"SE2":{"average":10.71,"min":6.62,"max":16.08},"SE3":{"average":29.02,"min":6.62,"max":129.35},"SE4":{"average":35.66,"min":6.62,"max":180.94}}},{"blockName":"Peak","deliveryStart":"2024-10-15T06:00:00Z","deliveryEnd":"2024-10-15T18:00:00Z","averagePricePerArea":{"SE1":{"average":21.07,"min":15.40,"max":24.57},"SE2":{"average":21.07,"min":15.40,"max":24.57},"SE3":{"average":60.12,"min":27.24,"max":165.65},"SE4":{"average":79.72,"min":27.24,"max":172.37}}},{"blockName":"Off-peak
        2","deliveryStart":"2024-10-15T18:00:00Z","deliveryEnd":"2024-10-15T22:00:00Z","averagePricePerArea":{"SE1":{"average":13.55,"min":10.16,"max":15.03},"SE2":{"average":13.55,"min":10.16,"max":15.03},"SE3":{"average":23.19,"min":10.16,"max":48.47},"SE4":{"average":40.93,"min":10.16,"max":74.43}}}],"currency":"EUR","exchangeRate":1,"areaStates":[{"state":"Final","areas":["SE1","SE2","SE3","SE4"]}],"areaAverages":[{"areaCode":"SE1","price":16.36},{"areaCode":"SE2","price":16.36},{"areaCode":"SE3","price":43.60},{"areaCode":"SE4","price":58.57}]}'
    headers:
      Connection:
      - keep-alive
      Content-Encoding:
      - gzip
      Content-Type:
      - application/json; charset=utf-8
      Date:
      - Tue, 15 Oct 2024 18:23:41 GMT
      Request-Context:
      - appId=cid-v1:ddfe5a25-b9d8-4f0e-b951-f04e01c2922f
      Set-Cookie:
      - route=1729016622.369.27.641984|9898ac1b7e0bd8fc3874537f2a76b591; Expires=Thu,
        17-Oct-24 18:23:41 GMT; Max-Age=172800; Path=/; Secure; HttpOnly
      Strict-Transport-Security:
      - max-age=31536000
      Transfer-Encoding:
      - chunked
      Vary:
      - Accept-Encoding
    status:
      code: 200
      message: OK
version: 1
